// Jest Snapshot v1, https://goo.gl/fbAQLP

exports[`Header renders with base props 1`] = `
<div
  className="lab-narrow-sidebar__header"
>
  Test content
</div>
`;
