// Jest Snapshot v1, https://goo.gl/fbAQLP

exports[`Icon renders with base props 1`] = `
<span>
  <svg
    aria-hidden={true}
    className="lab-icon lab-icon--cloud ___12fm75w_v8ls9a0 f1w7gpdv fez10in fg4l7m0"
    fill="currentColor"
    height={20}
    viewBox="0 0 20 20"
    width={20}
    xmlns="http://www.w3.org/2000/svg"
  >
    <path
      d="M10 4c2.82 0 4.41 1.92 4.65 4.25h.07A3.33 3.33 0 0 1 18 11.62 3.33 3.33 0 0 1 14.72 15H5.28A3.33 3.33 0 0 1 2 11.62c0-1.8 1.37-3.27 3.1-3.37h.25C5.6 5.9 7.18 4 10 4Zm0 1C7.89 5 6.55 6.32 6.35 8.35a1 1 0 0 1-1 .9h-.07A2.33 2.33 0 0 0 3 11.62 2.33 2.33 0 0 0 5.28 14h9.44A2.33 2.33 0 0 0 17 11.62a2.33 2.33 0 0 0-2.28-2.37h-.07a1 1 0 0 1-1-.9C13.45 6.32 12.11 5 10 5Z"
      fill="currentColor"
    />
  </svg>
</span>
`;
