// Jest Snapshot v1, https://goo.gl/fbAQLP

exports[`AbstractDropdown renders as expected when passing color as teal 1`] = `
<div
  className="lab-dropdown"
  onBlur={[Function]}
>
  <button
    aria-selected={false}
    className="lab-tag lab-tag--dropdown lab-tag--outline lab-tag--teal-pale"
    disabled={false}
    id=""
    onClick={[Function]}
    onKeyDown={[Function]}
    role="listbox"
    type="button"
    value=""
  >
    Click me
    <span
      className="lab-tag__dropdown-icon-wrapper"
    >
      <span
        className="lab-icon lab-icon--dropdown-closed lab-tag--dropdown-icon"
      >
        <svg
          aria-hidden={true}
          className="___12fm75w_v8ls9a0 f1w7gpdv fez10in fg4l7m0"
          fill="currentColor"
          height={20}
          viewBox="0 0 20 20"
          width={20}
          xmlns="http://www.w3.org/2000/svg"
        >
          <path
            d="M5.02 8.63A1 1 0 0 1 5.8 7h8.4a1 1 0 0 1 .78 1.63l-3.81 4.72a1.5 1.5 0 0 1-2.34 0L5.02 8.63ZM14.2 8H5.8l3.81 4.72c.2.25.58.25.78 0L14.2 8Z"
            fill="currentColor"
          />
        </svg>
      </span>
    </span>
  </button>
  <div
    aria-labelledby="menu-button--menu--test"
    className="lab-dropdown__content lab-dropdown__listbox "
    id="menu--test"
    role="menu"
    tabIndex={-1}
  >
    <span
      className="lab-dropdown__section-title lab-dropdown__section-title--color-teal"
    >
      First Section
    </span>
    <div
      className="lab-dropdown__option "
      id="lab-dropdown__option--1"
    >
      <button
        aria-selected={false}
        className="lab-tag lab-tag--togglable lab-tag--pale"
        disabled={false}
        id="1"
        onClick={[Function]}
        onKeyDown={[Function]}
        role="option"
        tabIndex="-1"
        type="button"
        value="1"
      >
        One
      </button>
    </div>
    <div
      className="lab-dropdown__option "
      id="lab-dropdown__option--2"
    >
      <button
        aria-selected={false}
        className="lab-tag lab-tag--togglable lab-tag--pale"
        disabled={false}
        id="2"
        onClick={[Function]}
        onKeyDown={[Function]}
        role="option"
        tabIndex="-1"
        type="button"
        value="2"
      >
        Two
      </button>
    </div>
    <div
      className="lab-dropdown__option "
      id="lab-dropdown__option--3"
    >
      <button
        aria-selected={false}
        className="lab-tag lab-tag--togglable lab-tag--pale"
        disabled={false}
        id="3"
        onClick={[Function]}
        onKeyDown={[Function]}
        role="option"
        tabIndex="-1"
        type="button"
        value="3"
      >
        Three
      </button>
    </div>
  </div>
</div>
`;

exports[`AbstractDropdown renders with base props 1`] = `
<div
  className="lab-dropdown"
  onBlur={[Function]}
>
  <button
    aria-selected={false}
    className="lab-tag lab-tag--dropdown lab-tag--outline lab-tag--teal-pale"
    disabled={false}
    id=""
    onClick={[Function]}
    onKeyDown={[Function]}
    role="listbox"
    type="button"
    value=""
  >
    Click me
    <span
      className="lab-tag__dropdown-icon-wrapper"
    >
      <span
        className="lab-icon lab-icon--dropdown-closed lab-tag--dropdown-icon"
      >
        <svg
          aria-hidden={true}
          className="___12fm75w_v8ls9a0 f1w7gpdv fez10in fg4l7m0"
          fill="currentColor"
          height={20}
          viewBox="0 0 20 20"
          width={20}
          xmlns="http://www.w3.org/2000/svg"
        >
          <path
            d="M5.02 8.63A1 1 0 0 1 5.8 7h8.4a1 1 0 0 1 .78 1.63l-3.81 4.72a1.5 1.5 0 0 1-2.34 0L5.02 8.63ZM14.2 8H5.8l3.81 4.72c.2.25.58.25.78 0L14.2 8Z"
            fill="currentColor"
          />
        </svg>
      </span>
    </span>
  </button>
  <div
    aria-labelledby="menu-button--menu--test"
    className="lab-dropdown__content lab-dropdown__listbox "
    id="menu--test"
    role="menu"
    tabIndex={-1}
  >
    <span
      className="lab-dropdown__section-title lab-dropdown__section-title--color-teal"
    >
      First Section
    </span>
    <div
      className="lab-dropdown__option "
      id="lab-dropdown__option--1"
    >
      <button
        aria-selected={false}
        className="lab-tag lab-tag--togglable lab-tag--pale"
        disabled={false}
        id="1"
        onClick={[Function]}
        onKeyDown={[Function]}
        role="option"
        tabIndex="-1"
        type="button"
        value="1"
      >
        One
      </button>
    </div>
    <div
      className="lab-dropdown__option "
      id="lab-dropdown__option--2"
    >
      <button
        aria-selected={false}
        className="lab-tag lab-tag--togglable lab-tag--pale"
        disabled={false}
        id="2"
        onClick={[Function]}
        onKeyDown={[Function]}
        role="option"
        tabIndex="-1"
        type="button"
        value="2"
      >
        Two
      </button>
    </div>
    <div
      className="lab-dropdown__option "
      id="lab-dropdown__option--3"
    >
      <button
        aria-selected={false}
        className="lab-tag lab-tag--togglable lab-tag--pale"
        disabled={false}
        id="3"
        onClick={[Function]}
        onKeyDown={[Function]}
        role="option"
        tabIndex="-1"
        type="button"
        value="3"
      >
        Three
      </button>
    </div>
  </div>
</div>
`;
