// Jest Snapshot v1, https://goo.gl/fbAQLP

exports[`CollapseButton renders with base props 1`] = `
<button
  className="lab-narrow-sidebar__collapse"
  onClick={[Function]}
  type="button"
>
  <span
    className="lab-icon lab-icon--menu-collapse lab-narrow-sidebar__collapse-icon"
  >
    <svg
      aria-hidden={true}
      className="___12fm75w_v8ls9a0 f1w7gpdv fez10in fg4l7m0"
      fill="currentColor"
      height={20}
      viewBox="0 0 20 20"
      width={20}
      xmlns="http://www.w3.org/2000/svg"
    >
      <path
        d="M3.5 11h5a.5.5 0 0 1 .5.41v5.09a.5.5 0 0 1-1 .09V12.7l-5.15 5.15a.5.5 0 0 1-.76-.63l.06-.07L7.29 12H3.5a.5.5 0 0 1-.5-.41v-.09a.5.5 0 0 1 .41-.5H8.5h-5Zm14.35-8.85c.18.17.2.44.06.63l-.06.07L12.71 8h3.79a.5.5 0 0 1 .5.41v.09a.5.5 0 0 1-.41.5h-5.18l-.1-.04-.08-.04-.05-.04-.03-.03-.04-.04-.04-.06-.03-.06-.02-.06V8.6a.5.5 0 0 1-.02-.1v.07V3.5a.5.5 0 0 1 1-.09V7.3l5.15-5.15c.2-.2.5-.2.7 0Z"
        fill="currentColor"
      />
    </svg>
  </span>
</button>
`;
