// Jest Snapshot v1, https://goo.gl/fbAQLP

exports[`CollapseButton renders with base props 1`] = `
<button
  className="lab-narrow-sidebar__collapse"
  onClick={[Function]}
  type="button"
>
  <span
    className="lab-icon lab-icon--menu-collapse lab-narrow-sidebar__collapse-icon"
  />
</button>
`;
