// Jest Snapshot v1, https://goo.gl/fbAQLP

exports[`Footer renders with base props 1`] = `
<div
  className="lab-narrow-sidebar__footer"
>
  Test content
</div>
`;
