// Jest Snapshot v1, https://goo.gl/fbAQLP

exports[`AbstractSearch renders with base props 1`] = `
<div
  className="lab-standard-search"
>
  <div
    className="lab-search__wrapper "
  >
    <input
      autoComplete="off"
      className="lab-search__field"
      id="test-search"
      onChange={[Function]}
      onKeyDown={[Function]}
      placeholder=" "
      type="search"
      value=""
    />
    <div
      className="lab-search__borders"
    />
    <button
      className="lab-search__remove-icon"
      onClick={[Function]}
      type="button"
    >
      <span
        className="lab-icon lab-icon--remove"
      >
        <svg
          aria-hidden={true}
          className="___12fm75w_v8ls9a0 f1w7gpdv fez10in fg4l7m0"
          fill="currentColor"
          height={20}
          viewBox="0 0 20 20"
          width={20}
          xmlns="http://www.w3.org/2000/svg"
        >
          <path
            d="m4.09 4.22.06-.07a.5.5 0 0 1 .63-.06l.07.06L10 9.29l5.15-5.14a.5.5 0 0 1 .63-.06l.07.06c.18.17.2.44.06.63l-.06.07L10.71 10l5.14 5.15c.18.17.2.44.06.63l-.06.07a.5.5 0 0 1-.63.06l-.07-.06L10 10.71l-5.15 5.14a.5.5 0 0 1-.63.06l-.07-.06a.5.5 0 0 1-.06-.63l.06-.07L9.29 10 4.15 4.85a.5.5 0 0 1-.06-.63l.06-.07-.06.07Z"
            fill="currentColor"
          />
        </svg>
      </span>
    </button>
    <button
      className="lab-standard-search__button"
      onClick={[Function]}
      type="button"
    >
      <span
        className="lab-icon lab-icon--lupe lab-standard-search__icon"
      >
        <svg
          aria-hidden={true}
          className="___12fm75w_v8ls9a0 f1w7gpdv fez10in fg4l7m0"
          fill="currentColor"
          height={20}
          viewBox="0 0 20 20"
          width={20}
          xmlns="http://www.w3.org/2000/svg"
        >
          <path
            d="M8.5 3a5.5 5.5 0 0 1 4.23 9.02l4.12 4.13a.5.5 0 0 1-.63.76l-.07-.06-4.13-4.12A5.5 5.5 0 1 1 8.5 3Zm0 1a4.5 4.5 0 1 0 0 9 4.5 4.5 0 0 0 0-9Z"
            fill="currentColor"
          />
        </svg>
      </span>
    </button>
    <span
      className="lab-standard-search__separator"
    />
  </div>
</div>
`;
